Analysis & Synthesis report for processor
Mon Jul 04 15:34:53 2016
Quartus II 64-Bit Version 15.0.0 Build 145 04/22/2015 SJ Web Edition


---------------------
; Table of Contents ;
---------------------
  1. Legal Notice
  2. Analysis & Synthesis Summary
  3. Analysis & Synthesis Settings
  4. Parallel Compilation
  5. Analysis & Synthesis Source Files Read
  6. Analysis & Synthesis Resource Usage Summary
  7. Analysis & Synthesis Resource Utilization by Entity
  8. User-Specified and Inferred Latches
  9. General Register Statistics
 10. Multiplexer Restructuring Statistics (Restructuring Performed)
 11. Port Connectivity Checks: "extensor:ext"
 12. Post-Synthesis Netlist Statistics for Top Partition
 13. Elapsed Time Per Partition
 14. Analysis & Synthesis Messages
 15. Analysis & Synthesis Suppressed Messages



----------------
; Legal Notice ;
----------------
Copyright (C) 1991-2015 Altera Corporation. All rights reserved.
Your use of Altera Corporation's design tools, logic functions 
and other software and tools, and its AMPP partner logic 
functions, and any output files from any of the foregoing 
(including device programming or simulation files), and any 
associated documentation or information are expressly subject 
to the terms and conditions of the Altera Program License 
Subscription Agreement, the Altera Quartus II License Agreement,
the Altera MegaCore Function License Agreement, or other 
applicable license agreement, including, without limitation, 
that your use is for the sole purpose of programming logic 
devices manufactured by Altera and sold by Altera or its 
authorized distributors.  Please refer to the applicable 
agreement for further details.



+------------------------------------------------------------------------------+
; Analysis & Synthesis Summary                                                 ;
+---------------------------------+--------------------------------------------+
; Analysis & Synthesis Status     ; Successful - Mon Jul 04 15:34:53 2016      ;
; Quartus II 64-Bit Version       ; 15.0.0 Build 145 04/22/2015 SJ Web Edition ;
; Revision Name                   ; processor                                  ;
; Top-level Entity Name           ; processor                                  ;
; Family                          ; Cyclone V                                  ;
; Logic utilization (in ALMs)     ; N/A                                        ;
; Total registers                 ; 162                                        ;
; Total pins                      ; 34                                         ;
; Total virtual pins              ; 0                                          ;
; Total block memory bits         ; 0                                          ;
; Total DSP Blocks                ; 0                                          ;
; Total HSSI RX PCSs              ; 0                                          ;
; Total HSSI PMA RX Deserializers ; 0                                          ;
; Total HSSI TX PCSs              ; 0                                          ;
; Total HSSI PMA TX Serializers   ; 0                                          ;
; Total PLLs                      ; 0                                          ;
; Total DLLs                      ; 0                                          ;
+---------------------------------+--------------------------------------------+


+---------------------------------------------------------------------------------------------------------------------------+
; Analysis & Synthesis Settings                                                                                             ;
+---------------------------------------------------------------------------------+--------------------+--------------------+
; Option                                                                          ; Setting            ; Default Value      ;
+---------------------------------------------------------------------------------+--------------------+--------------------+
; Device                                                                          ; 5CGXFC7C7F23C8     ;                    ;
; Top-level entity name                                                           ; processor          ; processor          ;
; Family name                                                                     ; Cyclone V          ; Cyclone V          ;
; Use smart compilation                                                           ; Off                ; Off                ;
; Enable parallel Assembler and TimeQuest Timing Analyzer during compilation      ; On                 ; On                 ;
; Enable compact report table                                                     ; Off                ; Off                ;
; Restructure Multiplexers                                                        ; Auto               ; Auto               ;
; MLAB Add Timing Constraints For Mixed-Port Feed-Through Mode Setting Don't Care ; Off                ; Off                ;
; Create Debugging Nodes for IP Cores                                             ; Off                ; Off                ;
; Preserve fewer node names                                                       ; On                 ; On                 ;
; Disable OpenCore Plus hardware evaluation                                       ; Off                ; Off                ;
; Verilog Version                                                                 ; Verilog_2001       ; Verilog_2001       ;
; VHDL Version                                                                    ; VHDL_1993          ; VHDL_1993          ;
; State Machine Processing                                                        ; Auto               ; Auto               ;
; Safe State Machine                                                              ; Off                ; Off                ;
; Extract Verilog State Machines                                                  ; On                 ; On                 ;
; Extract VHDL State Machines                                                     ; On                 ; On                 ;
; Ignore Verilog initial constructs                                               ; Off                ; Off                ;
; Iteration limit for constant Verilog loops                                      ; 5000               ; 5000               ;
; Iteration limit for non-constant Verilog loops                                  ; 250                ; 250                ;
; Add Pass-Through Logic to Inferred RAMs                                         ; On                 ; On                 ;
; Infer RAMs from Raw Logic                                                       ; On                 ; On                 ;
; Parallel Synthesis                                                              ; On                 ; On                 ;
; DSP Block Balancing                                                             ; Auto               ; Auto               ;
; NOT Gate Push-Back                                                              ; On                 ; On                 ;
; Power-Up Don't Care                                                             ; On                 ; On                 ;
; Remove Redundant Logic Cells                                                    ; Off                ; Off                ;
; Remove Duplicate Registers                                                      ; On                 ; On                 ;
; Ignore CARRY Buffers                                                            ; Off                ; Off                ;
; Ignore CASCADE Buffers                                                          ; Off                ; Off                ;
; Ignore GLOBAL Buffers                                                           ; Off                ; Off                ;
; Ignore ROW GLOBAL Buffers                                                       ; Off                ; Off                ;
; Ignore LCELL Buffers                                                            ; Off                ; Off                ;
; Ignore SOFT Buffers                                                             ; On                 ; On                 ;
; Limit AHDL Integers to 32 Bits                                                  ; Off                ; Off                ;
; Optimization Technique                                                          ; Balanced           ; Balanced           ;
; Carry Chain Length                                                              ; 70                 ; 70                 ;
; Auto Carry Chains                                                               ; On                 ; On                 ;
; Auto Open-Drain Pins                                                            ; On                 ; On                 ;
; Perform WYSIWYG Primitive Resynthesis                                           ; Off                ; Off                ;
; Auto ROM Replacement                                                            ; On                 ; On                 ;
; Auto RAM Replacement                                                            ; On                 ; On                 ;
; Auto DSP Block Replacement                                                      ; On                 ; On                 ;
; Auto Shift Register Replacement                                                 ; Auto               ; Auto               ;
; Allow Shift Register Merging across Hierarchies                                 ; Auto               ; Auto               ;
; Auto Clock Enable Replacement                                                   ; On                 ; On                 ;
; Strict RAM Replacement                                                          ; Off                ; Off                ;
; Allow Synchronous Control Signals                                               ; On                 ; On                 ;
; Force Use of Synchronous Clear Signals                                          ; Off                ; Off                ;
; Auto Resource Sharing                                                           ; Off                ; Off                ;
; Allow Any RAM Size For Recognition                                              ; Off                ; Off                ;
; Allow Any ROM Size For Recognition                                              ; Off                ; Off                ;
; Allow Any Shift Register Size For Recognition                                   ; Off                ; Off                ;
; Use LogicLock Constraints during Resource Balancing                             ; On                 ; On                 ;
; Ignore translate_off and synthesis_off directives                               ; Off                ; Off                ;
; Timing-Driven Synthesis                                                         ; On                 ; On                 ;
; Report Parameter Settings                                                       ; On                 ; On                 ;
; Report Source Assignments                                                       ; On                 ; On                 ;
; Report Connectivity Checks                                                      ; On                 ; On                 ;
; Ignore Maximum Fan-Out Assignments                                              ; Off                ; Off                ;
; Synchronization Register Chain Length                                           ; 3                  ; 3                  ;
; PowerPlay Power Optimization During Synthesis                                   ; Normal compilation ; Normal compilation ;
; HDL message level                                                               ; Level2             ; Level2             ;
; Suppress Register Optimization Related Messages                                 ; Off                ; Off                ;
; Number of Removed Registers Reported in Synthesis Report                        ; 5000               ; 5000               ;
; Number of Swept Nodes Reported in Synthesis Report                              ; 5000               ; 5000               ;
; Number of Inverted Registers Reported in Synthesis Report                       ; 100                ; 100                ;
; Clock MUX Protection                                                            ; On                 ; On                 ;
; Auto Gated Clock Conversion                                                     ; Off                ; Off                ;
; Block Design Naming                                                             ; Auto               ; Auto               ;
; SDC constraint protection                                                       ; Off                ; Off                ;
; Synthesis Effort                                                                ; Auto               ; Auto               ;
; Shift Register Replacement - Allow Asynchronous Clear Signal                    ; On                 ; On                 ;
; Pre-Mapping Resynthesis Optimization                                            ; Off                ; Off                ;
; Analysis & Synthesis Message Level                                              ; Medium             ; Medium             ;
; Disable Register Merging Across Hierarchies                                     ; Auto               ; Auto               ;
; Resource Aware Inference For Block RAM                                          ; On                 ; On                 ;
; Synthesis Seed                                                                  ; 1                  ; 1                  ;
; Automatic Parallel Synthesis                                                    ; On                 ; On                 ;
; Partial Reconfiguration Bitstream ID                                            ; Off                ; Off                ;
+---------------------------------------------------------------------------------+--------------------+--------------------+


+------------------------------------------+
; Parallel Compilation                     ;
+----------------------------+-------------+
; Processors                 ; Number      ;
+----------------------------+-------------+
; Number detected on machine ; 4           ;
; Maximum allowed            ; 2           ;
;                            ;             ;
; Average used               ; 1.00        ;
; Maximum used               ; 1           ;
;                            ;             ;
; Usage by Processor         ; % Time Used ;
;     Processor 1            ; 100.0%      ;
;     Processors 2-4         ;   0.0%      ;
+----------------------------+-------------+


+--------------------------------------------------------------------------------------------------------------------------------------------------------------------+
; Analysis & Synthesis Source Files Read                                                                                                                             ;
+----------------------------------+-----------------+------------------------+----------------------------------------------------------------------------+---------+
; File Name with User-Entered Path ; Used in Netlist ; File Type              ; File Name with Absolute Path                                               ; Library ;
+----------------------------------+-----------------+------------------------+----------------------------------------------------------------------------+---------+
; register_bank/register_bank.v    ; yes             ; User Verilog HDL File  ; C:/Users/user/Downloads/TPOC1-master/TPFinal/register_bank/register_bank.v ;         ;
; multiplexer/multiplexer.v        ; yes             ; User Verilog HDL File  ; C:/Users/user/Downloads/TPOC1-master/TPFinal/multiplexer/multiplexer.v     ;         ;
; extensor/extensor.v              ; yes             ; User Verilog HDL File  ; C:/Users/user/Downloads/TPOC1-master/TPFinal/extensor/extensor.v           ;         ;
; decoder/decoder.v                ; yes             ; User Verilog HDL File  ; C:/Users/user/Downloads/TPOC1-master/TPFinal/decoder/decoder.v             ;         ;
; counter/counter.v                ; yes             ; User Verilog HDL File  ; C:/Users/user/Downloads/TPOC1-master/TPFinal/counter/counter.v             ;         ;
; control_unit/control_unit.v      ; yes             ; User Verilog HDL File  ; C:/Users/user/Downloads/TPOC1-master/TPFinal/control_unit/control_unit.v   ;         ;
; complement/complement.v          ; yes             ; User Verilog HDL File  ; C:/Users/user/Downloads/TPOC1-master/TPFinal/complement/complement.v       ;         ;
; alu/alu.v                        ; yes             ; User Verilog HDL File  ; C:/Users/user/Downloads/TPOC1-master/TPFinal/alu/alu.v                     ;         ;
; processor.v                      ; yes             ; User Verilog HDL File  ; C:/Users/user/Downloads/TPOC1-master/TPFinal/processor.v                   ;         ;
+----------------------------------+-----------------+------------------------+----------------------------------------------------------------------------+---------+


+-----------------------------------------------------------+
; Analysis & Synthesis Resource Usage Summary               ;
+---------------------------------------------+-------------+
; Resource                                    ; Usage       ;
+---------------------------------------------+-------------+
; Estimate of Logic utilization (ALMs needed) ; 122         ;
;                                             ;             ;
; Combinational ALUT usage for logic          ; 161         ;
;     -- 7 input functions                    ; 1           ;
;     -- 6 input functions                    ; 55          ;
;     -- 5 input functions                    ; 2           ;
;     -- 4 input functions                    ; 24          ;
;     -- <=3 input functions                  ; 79          ;
;                                             ;             ;
; Dedicated logic registers                   ; 162         ;
;                                             ;             ;
; I/O pins                                    ; 34          ;
;                                             ;             ;
; Total DSP Blocks                            ; 0           ;
;                                             ;             ;
; Maximum fan-out node                        ; clock~input ;
; Maximum fan-out                             ; 162         ;
; Total fan-out                               ; 1233        ;
; Average fan-out                             ; 3.15        ;
+---------------------------------------------+-------------+


+----------------------------------------------------------------------------------------------------------------------------------------------------------------------------+
; Analysis & Synthesis Resource Utilization by Entity                                                                                                                        ;
+------------------------------+-------------------+--------------+-------------------+------------+------+--------------+------------------------------------+--------------+
; Compilation Hierarchy Node   ; LC Combinationals ; LC Registers ; Block Memory Bits ; DSP Blocks ; Pins ; Virtual Pins ; Full Hierarchy Name                ; Library Name ;
+------------------------------+-------------------+--------------+-------------------+------------+------+--------------+------------------------------------+--------------+
; |processor                   ; 161 (0)           ; 162 (0)      ; 0                 ; 0          ; 34   ; 0            ; |processor                         ; work         ;
;    |alu:alu|                 ; 32 (32)           ; 0 (0)        ; 0                 ; 0          ; 0    ; 0            ; |processor|alu:alu                 ; work         ;
;    |complement:comp|         ; 16 (16)           ; 0 (0)        ; 0                 ; 0          ; 0    ; 0            ; |processor|complement:comp         ; work         ;
;    |control_unit:controle|   ; 58 (58)           ; 0 (0)        ; 0                 ; 0          ; 0    ; 0            ; |processor|control_unit:controle   ; work         ;
;    |counter:contador|        ; 2 (2)             ; 2 (2)        ; 0                 ; 0          ; 0    ; 0            ; |processor|counter:contador        ; work         ;
;    |multiplexer:mux|         ; 53 (53)           ; 0 (0)        ; 0                 ; 0          ; 0    ; 0            ; |processor|multiplexer:mux         ; work         ;
;    |register_bank:Register0| ; 0 (0)             ; 16 (16)      ; 0                 ; 0          ; 0    ; 0            ; |processor|register_bank:Register0 ; work         ;
;    |register_bank:Register1| ; 0 (0)             ; 16 (16)      ; 0                 ; 0          ; 0    ; 0            ; |processor|register_bank:Register1 ; work         ;
;    |register_bank:Register2| ; 0 (0)             ; 16 (16)      ; 0                 ; 0          ; 0    ; 0            ; |processor|register_bank:Register2 ; work         ;
;    |register_bank:Register3| ; 0 (0)             ; 16 (16)      ; 0                 ; 0          ; 0    ; 0            ; |processor|register_bank:Register3 ; work         ;
;    |register_bank:Register4| ; 0 (0)             ; 16 (16)      ; 0                 ; 0          ; 0    ; 0            ; |processor|register_bank:Register4 ; work         ;
;    |register_bank:Register5| ; 0 (0)             ; 16 (16)      ; 0                 ; 0          ; 0    ; 0            ; |processor|register_bank:Register5 ; work         ;
;    |register_bank:Register6| ; 0 (0)             ; 16 (16)      ; 0                 ; 0          ; 0    ; 0            ; |processor|register_bank:Register6 ; work         ;
;    |register_bank:Register7| ; 0 (0)             ; 16 (16)      ; 0                 ; 0          ; 0    ; 0            ; |processor|register_bank:Register7 ; work         ;
;    |register_bank:RegisterA| ; 0 (0)             ; 16 (16)      ; 0                 ; 0          ; 0    ; 0            ; |processor|register_bank:RegisterA ; work         ;
;    |register_bank:RegisterR| ; 0 (0)             ; 16 (16)      ; 0                 ; 0          ; 0    ; 0            ; |processor|register_bank:RegisterR ; work         ;
+------------------------------+-------------------+--------------+-------------------+------------+------+--------------+------------------------------------+--------------+
Note: For table entries with two numbers listed, the numbers in parentheses indicate the number of resources of the given type used by the specific entity alone. The numbers listed outside of parentheses indicate the total resources of the given type used by the specific entity and all of its sub-entities in the hierarchy.


+---------------------------------------------------------------------------------------------------------------+
; User-Specified and Inferred Latches                                                                           ;
+-----------------------------------------------------+--------------------------------+------------------------+
; Latch Name                                          ; Latch Enable Signal            ; Free of Timing Hazards ;
+-----------------------------------------------------+--------------------------------+------------------------+
; control_unit:controle|negativo                      ; control_unit:controle|Mux28    ; yes                    ;
; control_unit:controle|immediate_select              ; control_unit:controle|Mux4     ; yes                    ;
; control_unit:controle|r5_select                     ; control_unit:controle|Mux12    ; yes                    ;
; control_unit:controle|r6_select                     ; control_unit:controle|Mux12    ; yes                    ;
; control_unit:controle|r7_select                     ; control_unit:controle|Mux12    ; yes                    ;
; control_unit:controle|r4_select                     ; control_unit:controle|Mux12    ; yes                    ;
; control_unit:controle|r2_select                     ; control_unit:controle|Mux12    ; yes                    ;
; control_unit:controle|r3_select                     ; control_unit:controle|Mux12    ; yes                    ;
; control_unit:controle|r1_select                     ; control_unit:controle|Mux12    ; yes                    ;
; control_unit:controle|r0_select                     ; control_unit:controle|Mux12    ; yes                    ;
; control_unit:controle|negar                         ; control_unit:controle|opSelect ; yes                    ;
; control_unit:controle|status.11_354                 ; control_unit:controle|Mux25    ; yes                    ;
; control_unit:controle|r7_enable                     ; counter:contador|out[1]        ; yes                    ;
; control_unit:controle|status.00_411                 ; control_unit:controle|Mux25    ; yes                    ;
; control_unit:controle|r5_enable                     ; counter:contador|out[1]        ; yes                    ;
; control_unit:controle|r6_enable                     ; counter:contador|out[1]        ; yes                    ;
; control_unit:controle|r4_enable                     ; counter:contador|out[1]        ; yes                    ;
; control_unit:controle|r2_enable                     ; counter:contador|out[1]        ; yes                    ;
; control_unit:controle|r3_enable                     ; counter:contador|out[1]        ; yes                    ;
; control_unit:controle|r1_enable                     ; counter:contador|out[1]        ; yes                    ;
; control_unit:controle|opSelect                      ; control_unit:controle|opSelect ; yes                    ;
; control_unit:controle|r_enable                      ; counter:contador|out[1]        ; yes                    ;
; control_unit:controle|r0_enable                     ; counter:contador|out[1]        ; yes                    ;
; control_unit:controle|a_enable                      ; counter:contador|out[1]        ; yes                    ;
; Number of user-specified and inferred latches = 24  ;                                ;                        ;
+-----------------------------------------------------+--------------------------------+------------------------+
Note: All latches listed above may not be present at the end of synthesis due to various synthesis optimizations.


+------------------------------------------------------+
; General Register Statistics                          ;
+----------------------------------------------+-------+
; Statistic                                    ; Value ;
+----------------------------------------------+-------+
; Total registers                              ; 162   ;
; Number of registers using Synchronous Clear  ; 0     ;
; Number of registers using Synchronous Load   ; 16    ;
; Number of registers using Asynchronous Clear ; 0     ;
; Number of registers using Asynchronous Load  ; 0     ;
; Number of registers using Clock Enable       ; 160   ;
; Number of registers using Preset             ; 0     ;
+----------------------------------------------+-------+


+---------------------------------------------------------------------------------------------------------------------------------------------------------+
; Multiplexer Restructuring Statistics (Restructuring Performed)                                                                                          ;
+--------------------+-----------+---------------+----------------------+------------------------+------------+-------------------------------------------+
; Multiplexer Inputs ; Bus Width ; Baseline Area ; Area if Restructured ; Saving if Restructured ; Registered ; Example Multiplexer Output                ;
+--------------------+-----------+---------------+----------------------+------------------------+------------+-------------------------------------------+
; 4:1                ; 2 bits    ; 4 LEs         ; 4 LEs                ; 0 LEs                  ; No         ; |processor|control_unit:controle|Mux12    ;
; 3:1                ; 8 bits    ; 16 LEs        ; 16 LEs               ; 0 LEs                  ; No         ; |processor|control_unit:controle|Mux7     ;
; 5:1                ; 2 bits    ; 6 LEs         ; 6 LEs                ; 0 LEs                  ; No         ; |processor|control_unit:controle|opSelect ;
; 11:1               ; 6 bits    ; 42 LEs        ; 42 LEs               ; 0 LEs                  ; No         ; |processor|multiplexer:mux|bus[10]        ;
; 11:1               ; 10 bits   ; 70 LEs        ; 70 LEs               ; 0 LEs                  ; No         ; |processor|multiplexer:mux|bus[0]         ;
+--------------------+-----------+---------------+----------------------+------------------------+------------+-------------------------------------------+


+--------------------------------------------------------------------------------------------------------------------+
; Port Connectivity Checks: "extensor:ext"                                                                           ;
+----------+--------+----------+-------------------------------------------------------------------------------------+
; Port     ; Type   ; Severity ; Details                                                                             ;
+----------+--------+----------+-------------------------------------------------------------------------------------+
; imediate ; Output ; Info     ; Connected to dangling logic. Logic that only feeds a dangling port will be removed. ;
+----------+--------+----------+-------------------------------------------------------------------------------------+


+-----------------------------------------------------+
; Post-Synthesis Netlist Statistics for Top Partition ;
+-----------------------+-----------------------------+
; Type                  ; Count                       ;
+-----------------------+-----------------------------+
; arriav_ff             ; 162                         ;
;     ENA               ; 144                         ;
;     ENA SLD           ; 16                          ;
;     plain             ; 2                           ;
; arriav_lcell_comb     ; 161                         ;
;     arith             ; 32                          ;
;         2 data inputs ; 16                          ;
;         3 data inputs ; 6                           ;
;         4 data inputs ; 10                          ;
;     extend            ; 1                           ;
;         7 data inputs ; 1                           ;
;     normal            ; 128                         ;
;         1 data inputs ; 1                           ;
;         2 data inputs ; 25                          ;
;         3 data inputs ; 31                          ;
;         4 data inputs ; 14                          ;
;         5 data inputs ; 2                           ;
;         6 data inputs ; 55                          ;
; boundary_port         ; 34                          ;
;                       ;                             ;
; Max LUT depth         ; 7.50                        ;
; Average LUT depth     ; 4.83                        ;
+-----------------------+-----------------------------+


+-------------------------------+
; Elapsed Time Per Partition    ;
+----------------+--------------+
; Partition Name ; Elapsed Time ;
+----------------+--------------+
; Top            ; 00:00:01     ;
+----------------+--------------+


+-------------------------------+
; Analysis & Synthesis Messages ;
+-------------------------------+
Info: *******************************************************************
Info: Running Quartus II 64-Bit Analysis & Synthesis
    Info: Version 15.0.0 Build 145 04/22/2015 SJ Web Edition
    Info: Processing started: Mon Jul 04 15:34:02 2016
Info: Command: quartus_map --read_settings_files=on --write_settings_files=off processor -c processor
Info (11104): Parallel Compilation has detected 4 hyper-threaded processors. However, the extra hyper-threaded processors will not be used by default. Parallel Compilation will use 2 of the 2 physical processors detected instead.
Info (12021): Found 1 design units, including 1 entities, in source file register_bank/register_bank.v
    Info (12023): Found entity 1: register_bank
Info (12021): Found 1 design units, including 1 entities, in source file multiplexer/multiplexer.v
    Info (12023): Found entity 1: multiplexer
Info (12021): Found 1 design units, including 1 entities, in source file extensor/extensor.v
    Info (12023): Found entity 1: extensor
Info (12021): Found 1 design units, including 1 entities, in source file decoder/decoder.v
    Info (12023): Found entity 1: decoder
Info (12021): Found 1 design units, including 1 entities, in source file counter/counter.v
    Info (12023): Found entity 1: counter
Info (12021): Found 1 design units, including 1 entities, in source file control_unit/control_unit.v
    Info (12023): Found entity 1: control_unit
Info (12021): Found 1 design units, including 1 entities, in source file complement/complement.v
    Info (12023): Found entity 1: complement
Info (12021): Found 1 design units, including 1 entities, in source file alu/alu.v
    Info (12023): Found entity 1: alu
Warning (10261): Verilog HDL Event Control warning at processor.v(17): Event Control contains a complex event expression
Info (12021): Found 1 design units, including 1 entities, in source file processor.v
    Info (12023): Found entity 1: processor
Info (12127): Elaborating entity "processor" for the top level hierarchy
Info (12128): Elaborating entity "complement" for hierarchy "complement:comp"
Info (12128): Elaborating entity "extensor" for hierarchy "extensor:ext"
Info (12128): Elaborating entity "counter" for hierarchy "counter:contador"
Info (12128): Elaborating entity "control_unit" for hierarchy "control_unit:controle"
Warning (10235): Verilog HDL Always Construct warning at control_unit.v(88): variable "status" is read inside the Always Construct but isn't in the Always Construct's Event Control
Warning (10235): Verilog HDL Always Construct warning at control_unit.v(88): variable "saida" is read inside the Always Construct but isn't in the Always Construct's Event Control
Warning (10235): Verilog HDL Always Construct warning at control_unit.v(92): variable "outRegistera" is read inside the Always Construct but isn't in the Always Construct's Event Control
Warning (10235): Verilog HDL Always Construct warning at control_unit.v(93): variable "outRegistera" is read inside the Always Construct but isn't in the Always Construct's Event Control
Warning (10235): Verilog HDL Always Construct warning at control_unit.v(94): variable "outRegistera" is read inside the Always Construct but isn't in the Always Construct's Event Control
Warning (10235): Verilog HDL Always Construct warning at control_unit.v(95): variable "outRegistera" is read inside the Always Construct but isn't in the Always Construct's Event Control
Warning (10235): Verilog HDL Always Construct warning at control_unit.v(96): variable "outRegistera" is read inside the Always Construct but isn't in the Always Construct's Event Control
Warning (10235): Verilog HDL Always Construct warning at control_unit.v(97): variable "outRegistera" is read inside the Always Construct but isn't in the Always Construct's Event Control
Warning (10235): Verilog HDL Always Construct warning at control_unit.v(98): variable "outRegistera" is read inside the Always Construct but isn't in the Always Construct's Event Control
Warning (10235): Verilog HDL Always Construct warning at control_unit.v(99): variable "outRegistera" is read inside the Always Construct but isn't in the Always Construct's Event Control
Warning (10235): Verilog HDL Always Construct warning at control_unit.v(102): variable "status" is read inside the Always Construct but isn't in the Always Construct's Event Control
Warning (10235): Verilog HDL Always Construct warning at control_unit.v(121): variable "status" is read inside the Always Construct but isn't in the Always Construct's Event Control
Warning (10235): Verilog HDL Always Construct warning at control_unit.v(125): variable "outRegisterb" is read inside the Always Construct but isn't in the Always Construct's Event Control
Warning (10235): Verilog HDL Always Construct warning at control_unit.v(126): variable "outRegisterb" is read inside the Always Construct but isn't in the Always Construct's Event Control
Warning (10235): Verilog HDL Always Construct warning at control_unit.v(127): variable "outRegisterb" is read inside the Always Construct but isn't in the Always Construct's Event Control
Warning (10235): Verilog HDL Always Construct warning at control_unit.v(128): variable "outRegisterb" is read inside the Always Construct but isn't in the Always Construct's Event Control
Warning (10235): Verilog HDL Always Construct warning at control_unit.v(129): variable "outRegisterb" is read inside the Always Construct but isn't in the Always Construct's Event Control
Warning (10235): Verilog HDL Always Construct warning at control_unit.v(130): variable "outRegisterb" is read inside the Always Construct but isn't in the Always Construct's Event Control
Warning (10235): Verilog HDL Always Construct warning at control_unit.v(131): variable "outRegisterb" is read inside the Always Construct but isn't in the Always Construct's Event Control
Warning (10235): Verilog HDL Always Construct warning at control_unit.v(132): variable "outRegisterb" is read inside the Always Construct but isn't in the Always Construct's Event Control
Warning (10235): Verilog HDL Always Construct warning at control_unit.v(141): variable "negar" is read inside the Always Construct but isn't in the Always Construct's Event Control
Warning (10235): Verilog HDL Always Construct warning at control_unit.v(154): variable "outEnable" is read inside the Always Construct but isn't in the Always Construct's Event Control
Warning (10235): Verilog HDL Always Construct warning at control_unit.v(155): variable "outEnable" is read inside the Always Construct but isn't in the Always Construct's Event Control
Warning (10235): Verilog HDL Always Construct warning at control_unit.v(156): variable "outEnable" is read inside the Always Construct but isn't in the Always Construct's Event Control
Warning (10235): Verilog HDL Always Construct warning at control_unit.v(157): variable "outEnable" is read inside the Always Construct but isn't in the Always Construct's Event Control
Warning (10235): Verilog HDL Always Construct warning at control_unit.v(158): variable "outEnable" is read inside the Always Construct but isn't in the Always Construct's Event Control
Warning (10235): Verilog HDL Always Construct warning at control_unit.v(159): variable "outEnable" is read inside the Always Construct but isn't in the Always Construct's Event Control
Warning (10235): Verilog HDL Always Construct warning at control_unit.v(160): variable "outEnable" is read inside the Always Construct but isn't in the Always Construct's Event Control
Warning (10235): Verilog HDL Always Construct warning at control_unit.v(161): variable "outEnable" is read inside the Always Construct but isn't in the Always Construct's Event Control
Warning (10240): Verilog HDL Always Construct warning at control_unit.v(16): inferring latch(es) for variable "negativo", which holds its previous value in one or more paths through the always construct
Warning (10240): Verilog HDL Always Construct warning at control_unit.v(16): inferring latch(es) for variable "r_enable", which holds its previous value in one or more paths through the always construct
Warning (10240): Verilog HDL Always Construct warning at control_unit.v(16): inferring latch(es) for variable "immediate_select", which holds its previous value in one or more paths through the always construct
Warning (10240): Verilog HDL Always Construct warning at control_unit.v(16): inferring latch(es) for variable "status", which holds its previous value in one or more paths through the always construct
Warning (10240): Verilog HDL Always Construct warning at control_unit.v(16): inferring latch(es) for variable "r0_enable", which holds its previous value in one or more paths through the always construct
Warning (10240): Verilog HDL Always Construct warning at control_unit.v(16): inferring latch(es) for variable "r1_enable", which holds its previous value in one or more paths through the always construct
Warning (10240): Verilog HDL Always Construct warning at control_unit.v(16): inferring latch(es) for variable "r2_enable", which holds its previous value in one or more paths through the always construct
Warning (10240): Verilog HDL Always Construct warning at control_unit.v(16): inferring latch(es) for variable "r3_enable", which holds its previous value in one or more paths through the always construct
Warning (10240): Verilog HDL Always Construct warning at control_unit.v(16): inferring latch(es) for variable "r4_enable", which holds its previous value in one or more paths through the always construct
Warning (10240): Verilog HDL Always Construct warning at control_unit.v(16): inferring latch(es) for variable "r5_enable", which holds its previous value in one or more paths through the always construct
Warning (10240): Verilog HDL Always Construct warning at control_unit.v(16): inferring latch(es) for variable "r6_enable", which holds its previous value in one or more paths through the always construct
Warning (10240): Verilog HDL Always Construct warning at control_unit.v(16): inferring latch(es) for variable "r7_enable", which holds its previous value in one or more paths through the always construct
Warning (10240): Verilog HDL Always Construct warning at control_unit.v(16): inferring latch(es) for variable "a_enable", which holds its previous value in one or more paths through the always construct
Warning (10240): Verilog HDL Always Construct warning at control_unit.v(16): inferring latch(es) for variable "r0_select", which holds its previous value in one or more paths through the always construct
Warning (10240): Verilog HDL Always Construct warning at control_unit.v(16): inferring latch(es) for variable "r1_select", which holds its previous value in one or more paths through the always construct
Warning (10240): Verilog HDL Always Construct warning at control_unit.v(16): inferring latch(es) for variable "r2_select", which holds its previous value in one or more paths through the always construct
Warning (10240): Verilog HDL Always Construct warning at control_unit.v(16): inferring latch(es) for variable "r3_select", which holds its previous value in one or more paths through the always construct
Warning (10240): Verilog HDL Always Construct warning at control_unit.v(16): inferring latch(es) for variable "r4_select", which holds its previous value in one or more paths through the always construct
Warning (10240): Verilog HDL Always Construct warning at control_unit.v(16): inferring latch(es) for variable "r5_select", which holds its previous value in one or more paths through the always construct
Warning (10240): Verilog HDL Always Construct warning at control_unit.v(16): inferring latch(es) for variable "r6_select", which holds its previous value in one or more paths through the always construct
Warning (10240): Verilog HDL Always Construct warning at control_unit.v(16): inferring latch(es) for variable "r7_select", which holds its previous value in one or more paths through the always construct
Warning (10240): Verilog HDL Always Construct warning at control_unit.v(16): inferring latch(es) for variable "opSelect", which holds its previous value in one or more paths through the always construct
Warning (10240): Verilog HDL Always Construct warning at control_unit.v(16): inferring latch(es) for variable "negar", which holds its previous value in one or more paths through the always construct
Warning (10240): Verilog HDL Always Construct warning at control_unit.v(16): inferring latch(es) for variable "saida", which holds its previous value in one or more paths through the always construct
Warning (10034): Output port "clear" at control_unit.v(7) has no driver
Info (10041): Inferred latch for "saida" at control_unit.v(16)
Info (10041): Inferred latch for "negar" at control_unit.v(16)
Info (10041): Inferred latch for "opSelect" at control_unit.v(16)
Info (10041): Inferred latch for "r7_select" at control_unit.v(16)
Info (10041): Inferred latch for "r6_select" at control_unit.v(16)
Info (10041): Inferred latch for "r5_select" at control_unit.v(16)
Info (10041): Inferred latch for "r4_select" at control_unit.v(16)
Info (10041): Inferred latch for "r3_select" at control_unit.v(16)
Info (10041): Inferred latch for "r2_select" at control_unit.v(16)
Info (10041): Inferred latch for "r1_select" at control_unit.v(16)
Info (10041): Inferred latch for "r0_select" at control_unit.v(16)
Info (10041): Inferred latch for "a_enable" at control_unit.v(16)
Info (10041): Inferred latch for "r7_enable" at control_unit.v(16)
Info (10041): Inferred latch for "r6_enable" at control_unit.v(16)
Info (10041): Inferred latch for "r5_enable" at control_unit.v(16)
Info (10041): Inferred latch for "r4_enable" at control_unit.v(16)
Info (10041): Inferred latch for "r3_enable" at control_unit.v(16)
Info (10041): Inferred latch for "r2_enable" at control_unit.v(16)
Info (10041): Inferred latch for "r1_enable" at control_unit.v(16)
Info (10041): Inferred latch for "r0_enable" at control_unit.v(16)
Info (10041): Inferred latch for "status.11" at control_unit.v(16)
Info (10041): Inferred latch for "status.10" at control_unit.v(16)
Info (10041): Inferred latch for "status.01" at control_unit.v(16)
Info (10041): Inferred latch for "status.00" at control_unit.v(16)
Info (10041): Inferred latch for "immediate_select" at control_unit.v(16)
Info (10041): Inferred latch for "r_enable" at control_unit.v(16)
Info (10041): Inferred latch for "negativo" at control_unit.v(16)
Info (12128): Elaborating entity "decoder" for hierarchy "control_unit:controle|decoder:d1"
Info (12128): Elaborating entity "multiplexer" for hierarchy "multiplexer:mux"
Warning (10235): Verilog HDL Always Construct warning at multiplexer.v(12): variable "imediate" is read inside the Always Construct but isn't in the Always Construct's Event Control
Warning (10235): Verilog HDL Always Construct warning at multiplexer.v(17): variable "r" is read inside the Always Construct but isn't in the Always Construct's Event Control
Warning (10235): Verilog HDL Always Construct warning at multiplexer.v(22): variable "r0" is read inside the Always Construct but isn't in the Always Construct's Event Control
Warning (10235): Verilog HDL Always Construct warning at multiplexer.v(27): variable "r1" is read inside the Always Construct but isn't in the Always Construct's Event Control
Warning (10235): Verilog HDL Always Construct warning at multiplexer.v(32): variable "r2" is read inside the Always Construct but isn't in the Always Construct's Event Control
Warning (10235): Verilog HDL Always Construct warning at multiplexer.v(37): variable "r3" is read inside the Always Construct but isn't in the Always Construct's Event Control
Warning (10235): Verilog HDL Always Construct warning at multiplexer.v(42): variable "r4" is read inside the Always Construct but isn't in the Always Construct's Event Control
Warning (10235): Verilog HDL Always Construct warning at multiplexer.v(46): variable "r5" is read inside the Always Construct but isn't in the Always Construct's Event Control
Warning (10235): Verilog HDL Always Construct warning at multiplexer.v(51): variable "r6" is read inside the Always Construct but isn't in the Always Construct's Event Control
Warning (10235): Verilog HDL Always Construct warning at multiplexer.v(56): variable "r7" is read inside the Always Construct but isn't in the Always Construct's Event Control
Info (12128): Elaborating entity "alu" for hierarchy "alu:alu"
Info (12128): Elaborating entity "register_bank" for hierarchy "register_bank:Register0"
Warning (13012): Latch control_unit:controle|negativo has unsafe behavior
    Warning (13013): Ports D and ENA on the latch are fed by the same signal counter:contador|out[0]
Warning (13012): Latch control_unit:controle|immediate_select has unsafe behavior
    Warning (13013): Ports D and ENA on the latch are fed by the same signal counter:contador|out[0]
Warning (13012): Latch control_unit:controle|r5_select has unsafe behavior
    Warning (13013): Ports D and ENA on the latch are fed by the same signal counter:contador|out[1]
Warning (13012): Latch control_unit:controle|r6_select has unsafe behavior
    Warning (13013): Ports D and ENA on the latch are fed by the same signal counter:contador|out[1]
Warning (13012): Latch control_unit:controle|r7_select has unsafe behavior
    Warning (13013): Ports D and ENA on the latch are fed by the same signal counter:contador|out[1]
Warning (13012): Latch control_unit:controle|r4_select has unsafe behavior
    Warning (13013): Ports D and ENA on the latch are fed by the same signal counter:contador|out[1]
Warning (13012): Latch control_unit:controle|r2_select has unsafe behavior
    Warning (13013): Ports D and ENA on the latch are fed by the same signal counter:contador|out[1]
Warning (13012): Latch control_unit:controle|r3_select has unsafe behavior
    Warning (13013): Ports D and ENA on the latch are fed by the same signal counter:contador|out[1]
Warning (13012): Latch control_unit:controle|r1_select has unsafe behavior
    Warning (13013): Ports D and ENA on the latch are fed by the same signal counter:contador|out[1]
Warning (13012): Latch control_unit:controle|r0_select has unsafe behavior
    Warning (13013): Ports D and ENA on the latch are fed by the same signal counter:contador|out[1]
Warning (13012): Latch control_unit:controle|negar has unsafe behavior
    Warning (13013): Ports D and ENA on the latch are fed by the same signal iin[13]
Warning (13012): Latch control_unit:controle|status.11_354 has unsafe behavior
    Warning (13013): Ports D and ENA on the latch are fed by the same signal iin[13]
Warning (13012): Latch control_unit:controle|r7_enable has unsafe behavior
    Warning (13013): Ports D and ENA on the latch are fed by the same signal counter:contador|out[1]
Warning (13012): Latch control_unit:controle|status.00_411 has unsafe behavior
    Warning (13013): Ports D and ENA on the latch are fed by the same signal counter:contador|out[0]
Warning (13012): Latch control_unit:controle|r5_enable has unsafe behavior
    Warning (13013): Ports D and ENA on the latch are fed by the same signal counter:contador|out[1]
Warning (13012): Latch control_unit:controle|r6_enable has unsafe behavior
    Warning (13013): Ports D and ENA on the latch are fed by the same signal counter:contador|out[1]
Warning (13012): Latch control_unit:controle|r4_enable has unsafe behavior
    Warning (13013): Ports D and ENA on the latch are fed by the same signal counter:contador|out[1]
Warning (13012): Latch control_unit:controle|r2_enable has unsafe behavior
    Warning (13013): Ports D and ENA on the latch are fed by the same signal counter:contador|out[1]
Warning (13012): Latch control_unit:controle|r3_enable has unsafe behavior
    Warning (13013): Ports D and ENA on the latch are fed by the same signal counter:contador|out[1]
Warning (13012): Latch control_unit:controle|r1_enable has unsafe behavior
    Warning (13013): Ports D and ENA on the latch are fed by the same signal counter:contador|out[1]
Warning (13012): Latch control_unit:controle|opSelect has unsafe behavior
    Warning (13013): Ports D and ENA on the latch are fed by the same signal iin[13]
Warning (13012): Latch control_unit:controle|r0_enable has unsafe behavior
    Warning (13013): Ports D and ENA on the latch are fed by the same signal counter:contador|out[1]
Warning (13012): Latch control_unit:controle|a_enable has unsafe behavior
    Warning (13013): Ports D and ENA on the latch are fed by the same signal counter:contador|out[0]
Info (286030): Timing-Driven Synthesis is running
Info (144001): Generated suppressed messages file C:/Users/user/Downloads/TPOC1-master/TPFinal/output_files/processor.map.smsg
Info (16010): Generating hard_block partition "hard_block:auto_generated_inst"
    Info (16011): Adding 0 node(s), including 0 DDIO, 0 PLL, 0 transceiver and 0 LCELL
Warning (21074): Design contains 1 input pin(s) that do not drive logic
    Warning (15610): No output dependent on input pin "resetn"
Info (21057): Implemented 340 device resources after synthesis - the final resource count might be different
    Info (21058): Implemented 18 input pins
    Info (21059): Implemented 16 output pins
    Info (21061): Implemented 306 logic cells
Info: Quartus II 64-Bit Analysis & Synthesis was successful. 0 errors, 113 warnings
    Info: Peak virtual memory: 720 megabytes
    Info: Processing ended: Mon Jul 04 15:34:53 2016
    Info: Elapsed time: 00:00:51
    Info: Total CPU time (on all processors): 00:01:56


+------------------------------------------+
; Analysis & Synthesis Suppressed Messages ;
+------------------------------------------+
The suppressed messages can be found in C:/Users/user/Downloads/TPOC1-master/TPFinal/output_files/processor.map.smsg.


